// 重构日志: a80e6eb8
// 重构日志: c3e381ce
// 重构日志: 725e7875
// 重构日志: fc305aa5
// 重构日志: 6162c2c5
// 同步 ID: 91547149 @ Wed Jul 29 10:04:34 UTC 2026
// 同步 ID: 5496b299 @ Wed Jul 29 18:16:32 UTC 2026
// 重构日志: b5ca718f
// 重构日志: 0be165d8
// 重构日志: 8835a152
// 重构日志: c8b3db1e
// 重构日志: 0c7389c3
// 重构日志: b3676f8b
// 同步 ID: 5adbb249 @ Fri Jul 31 17:06:08 UTC 2026
// 重构日志: 2336331f
// 重构日志: 957ca467
// 重构日志: 9c6b066c
// 重构日志: 0237908c
// 同步 ID: 960720f7 @ Mon Aug  3 04:51:27 UTC 2026
// 重构日志: 6fbf05f1
// 同步 ID: 391f5ed9 @ Tue Aug  4 15:45:53 UTC 2026
// 重构日志: 8824baad
// 重构日志: 986f24d4
// 重构日志: c0e55ef2
// 重构日志: a7a1b175
// 同步 ID: 0ace3eba @ Fri Aug  7 10:10:05 UTC 2026
// 重构日志: 737d02eb
// 同步 ID: 480b2b04 @ Fri Aug  7 15:44:18 UTC 2026
// 重构日志: 17521e91
// 同步 ID: b15593f7 @ Fri Aug  7 18:33:56 UTC 2026
